libtool: compile:  gcc -I. -I/home/ubuntu/workspace/kodebin-lib/ext -DPHP_ATOM_INC -I/home/ubuntu/workspace/kodebin-lib/ext/include -I/home/ubuntu/workspace/kodebin-lib/ext/main -I/home/ubuntu/workspace/kodebin-lib/ext -I/usr/include/php5 -I/usr/include/php5/main -I/usr/include/php5/TSRM -I/usr/include/php5/Zend -I/usr/include/php5/ext -I/usr/include/php5/ext/date/lib -DHAVE_CONFIG_H -O2 -fvisibility=hidden -Wparentheses -flto -DZEPHIR_RELEASE=1 -c /home/ubuntu/workspace/kodebin-lib/ext/kodebin.c  -fPIC -DPIC -o .libs/kodebin.o
libtool: compile:  gcc -I. -I/home/ubuntu/workspace/kodebin-lib/ext -DPHP_ATOM_INC -I/home/ubuntu/workspace/kodebin-lib/ext/include -I/home/ubuntu/workspace/kodebin-lib/ext/main -I/home/ubuntu/workspace/kodebin-lib/ext -I/usr/include/php5 -I/usr/include/php5/main -I/usr/include/php5/TSRM -I/usr/include/php5/Zend -I/usr/include/php5/ext -I/usr/include/php5/ext/date/lib -DHAVE_CONFIG_H -O2 -fvisibility=hidden -Wparentheses -flto -DZEPHIR_RELEASE=1 -c /home/ubuntu/workspace/kodebin-lib/ext/kernel/main.c  -fPIC -DPIC -o kernel/.libs/main.o
libtool: compile:  gcc -I. -I/home/ubuntu/workspace/kodebin-lib/ext -DPHP_ATOM_INC -I/home/ubuntu/workspace/kodebin-lib/ext/include -I/home/ubuntu/workspace/kodebin-lib/ext/main -I/home/ubuntu/workspace/kodebin-lib/ext -I/usr/include/php5 -I/usr/include/php5/main -I/usr/include/php5/TSRM -I/usr/include/php5/Zend -I/usr/include/php5/ext -I/usr/include/php5/ext/date/lib -DHAVE_CONFIG_H -O2 -fvisibility=hidden -Wparentheses -flto -DZEPHIR_RELEASE=1 -c /home/ubuntu/workspace/kodebin-lib/ext/kernel/memory.c  -fPIC -DPIC -o kernel/.libs/memory.o
libtool: compile:  gcc -I. -I/home/ubuntu/workspace/kodebin-lib/ext -DPHP_ATOM_INC -I/home/ubuntu/workspace/kodebin-lib/ext/include -I/home/ubuntu/workspace/kodebin-lib/ext/main -I/home/ubuntu/workspace/kodebin-lib/ext -I/usr/include/php5 -I/usr/include/php5/main -I/usr/include/php5/TSRM -I/usr/include/php5/Zend -I/usr/include/php5/ext -I/usr/include/php5/ext/date/lib -DHAVE_CONFIG_H -O2 -fvisibility=hidden -Wparentheses -flto -DZEPHIR_RELEASE=1 -c /home/ubuntu/workspace/kodebin-lib/ext/kernel/exception.c  -fPIC -DPIC -o kernel/.libs/exception.o
libtool: compile:  gcc -I. -I/home/ubuntu/workspace/kodebin-lib/ext -DPHP_ATOM_INC -I/home/ubuntu/workspace/kodebin-lib/ext/include -I/home/ubuntu/workspace/kodebin-lib/ext/main -I/home/ubuntu/workspace/kodebin-lib/ext -I/usr/include/php5 -I/usr/include/php5/main -I/usr/include/php5/TSRM -I/usr/include/php5/Zend -I/usr/include/php5/ext -I/usr/include/php5/ext/date/lib -DHAVE_CONFIG_H -O2 -fvisibility=hidden -Wparentheses -flto -DZEPHIR_RELEASE=1 -c /home/ubuntu/workspace/kodebin-lib/ext/kernel/hash.c  -fPIC -DPIC -o kernel/.libs/hash.o
libtool: compile:  gcc -I. -I/home/ubuntu/workspace/kodebin-lib/ext -DPHP_ATOM_INC -I/home/ubuntu/workspace/kodebin-lib/ext/include -I/home/ubuntu/workspace/kodebin-lib/ext/main -I/home/ubuntu/workspace/kodebin-lib/ext -I/usr/include/php5 -I/usr/include/php5/main -I/usr/include/php5/TSRM -I/usr/include/php5/Zend -I/usr/include/php5/ext -I/usr/include/php5/ext/date/lib -DHAVE_CONFIG_H -O2 -fvisibility=hidden -Wparentheses -flto -DZEPHIR_RELEASE=1 -c /home/ubuntu/workspace/kodebin-lib/ext/kernel/debug.c  -fPIC -DPIC -o kernel/.libs/debug.o
libtool: compile:  gcc -I. -I/home/ubuntu/workspace/kodebin-lib/ext -DPHP_ATOM_INC -I/home/ubuntu/workspace/kodebin-lib/ext/include -I/home/ubuntu/workspace/kodebin-lib/ext/main -I/home/ubuntu/workspace/kodebin-lib/ext -I/usr/include/php5 -I/usr/include/php5/main -I/usr/include/php5/TSRM -I/usr/include/php5/Zend -I/usr/include/php5/ext -I/usr/include/php5/ext/date/lib -DHAVE_CONFIG_H -O2 -fvisibility=hidden -Wparentheses -flto -DZEPHIR_RELEASE=1 -c /home/ubuntu/workspace/kodebin-lib/ext/kernel/backtrace.c  -fPIC -DPIC -o kernel/.libs/backtrace.o
libtool: compile:  gcc -I. -I/home/ubuntu/workspace/kodebin-lib/ext -DPHP_ATOM_INC -I/home/ubuntu/workspace/kodebin-lib/ext/include -I/home/ubuntu/workspace/kodebin-lib/ext/main -I/home/ubuntu/workspace/kodebin-lib/ext -I/usr/include/php5 -I/usr/include/php5/main -I/usr/include/php5/TSRM -I/usr/include/php5/Zend -I/usr/include/php5/ext -I/usr/include/php5/ext/date/lib -DHAVE_CONFIG_H -O2 -fvisibility=hidden -Wparentheses -flto -DZEPHIR_RELEASE=1 -c /home/ubuntu/workspace/kodebin-lib/ext/kernel/object.c  -fPIC -DPIC -o kernel/.libs/object.o
libtool: compile:  gcc -I. -I/home/ubuntu/workspace/kodebin-lib/ext -DPHP_ATOM_INC -I/home/ubuntu/workspace/kodebin-lib/ext/include -I/home/ubuntu/workspace/kodebin-lib/ext/main -I/home/ubuntu/workspace/kodebin-lib/ext -I/usr/include/php5 -I/usr/include/php5/main -I/usr/include/php5/TSRM -I/usr/include/php5/Zend -I/usr/include/php5/ext -I/usr/include/php5/ext/date/lib -DHAVE_CONFIG_H -O2 -fvisibility=hidden -Wparentheses -flto -DZEPHIR_RELEASE=1 -c /home/ubuntu/workspace/kodebin-lib/ext/kernel/array.c  -fPIC -DPIC -o kernel/.libs/array.o
libtool: compile:  gcc -I. -I/home/ubuntu/workspace/kodebin-lib/ext -DPHP_ATOM_INC -I/home/ubuntu/workspace/kodebin-lib/ext/include -I/home/ubuntu/workspace/kodebin-lib/ext/main -I/home/ubuntu/workspace/kodebin-lib/ext -I/usr/include/php5 -I/usr/include/php5/main -I/usr/include/php5/TSRM -I/usr/include/php5/Zend -I/usr/include/php5/ext -I/usr/include/php5/ext/date/lib -DHAVE_CONFIG_H -O2 -fvisibility=hidden -Wparentheses -flto -DZEPHIR_RELEASE=1 -c /home/ubuntu/workspace/kodebin-lib/ext/kernel/extended/array.c  -fPIC -DPIC -o kernel/extended/.libs/array.o
libtool: compile:  gcc -I. -I/home/ubuntu/workspace/kodebin-lib/ext -DPHP_ATOM_INC -I/home/ubuntu/workspace/kodebin-lib/ext/include -I/home/ubuntu/workspace/kodebin-lib/ext/main -I/home/ubuntu/workspace/kodebin-lib/ext -I/usr/include/php5 -I/usr/include/php5/main -I/usr/include/php5/TSRM -I/usr/include/php5/Zend -I/usr/include/php5/ext -I/usr/include/php5/ext/date/lib -DHAVE_CONFIG_H -O2 -fvisibility=hidden -Wparentheses -flto -DZEPHIR_RELEASE=1 -c /home/ubuntu/workspace/kodebin-lib/ext/kernel/string.c  -fPIC -DPIC -o kernel/.libs/string.o
libtool: compile:  gcc -I. -I/home/ubuntu/workspace/kodebin-lib/ext -DPHP_ATOM_INC -I/home/ubuntu/workspace/kodebin-lib/ext/include -I/home/ubuntu/workspace/kodebin-lib/ext/main -I/home/ubuntu/workspace/kodebin-lib/ext -I/usr/include/php5 -I/usr/include/php5/main -I/usr/include/php5/TSRM -I/usr/include/php5/Zend -I/usr/include/php5/ext -I/usr/include/php5/ext/date/lib -DHAVE_CONFIG_H -O2 -fvisibility=hidden -Wparentheses -flto -DZEPHIR_RELEASE=1 -c /home/ubuntu/workspace/kodebin-lib/ext/kernel/fcall.c  -fPIC -DPIC -o kernel/.libs/fcall.o
libtool: compile:  gcc -I. -I/home/ubuntu/workspace/kodebin-lib/ext -DPHP_ATOM_INC -I/home/ubuntu/workspace/kodebin-lib/ext/include -I/home/ubuntu/workspace/kodebin-lib/ext/main -I/home/ubuntu/workspace/kodebin-lib/ext -I/usr/include/php5 -I/usr/include/php5/main -I/usr/include/php5/TSRM -I/usr/include/php5/Zend -I/usr/include/php5/ext -I/usr/include/php5/ext/date/lib -DHAVE_CONFIG_H -O2 -fvisibility=hidden -Wparentheses -flto -DZEPHIR_RELEASE=1 -c /home/ubuntu/workspace/kodebin-lib/ext/kernel/extended/fcall.c  -fPIC -DPIC -o kernel/extended/.libs/fcall.o
libtool: compile:  gcc -I. -I/home/ubuntu/workspace/kodebin-lib/ext -DPHP_ATOM_INC -I/home/ubuntu/workspace/kodebin-lib/ext/include -I/home/ubuntu/workspace/kodebin-lib/ext/main -I/home/ubuntu/workspace/kodebin-lib/ext -I/usr/include/php5 -I/usr/include/php5/main -I/usr/include/php5/TSRM -I/usr/include/php5/Zend -I/usr/include/php5/ext -I/usr/include/php5/ext/date/lib -DHAVE_CONFIG_H -O2 -fvisibility=hidden -Wparentheses -flto -DZEPHIR_RELEASE=1 -c /home/ubuntu/workspace/kodebin-lib/ext/kernel/require.c  -fPIC -DPIC -o kernel/.libs/require.o
libtool: compile:  gcc -I. -I/home/ubuntu/workspace/kodebin-lib/ext -DPHP_ATOM_INC -I/home/ubuntu/workspace/kodebin-lib/ext/include -I/home/ubuntu/workspace/kodebin-lib/ext/main -I/home/ubuntu/workspace/kodebin-lib/ext -I/usr/include/php5 -I/usr/include/php5/main -I/usr/include/php5/TSRM -I/usr/include/php5/Zend -I/usr/include/php5/ext -I/usr/include/php5/ext/date/lib -DHAVE_CONFIG_H -O2 -fvisibility=hidden -Wparentheses -flto -DZEPHIR_RELEASE=1 -c /home/ubuntu/workspace/kodebin-lib/ext/kernel/file.c  -fPIC -DPIC -o kernel/.libs/file.o
libtool: compile:  gcc -I. -I/home/ubuntu/workspace/kodebin-lib/ext -DPHP_ATOM_INC -I/home/ubuntu/workspace/kodebin-lib/ext/include -I/home/ubuntu/workspace/kodebin-lib/ext/main -I/home/ubuntu/workspace/kodebin-lib/ext -I/usr/include/php5 -I/usr/include/php5/main -I/usr/include/php5/TSRM -I/usr/include/php5/Zend -I/usr/include/php5/ext -I/usr/include/php5/ext/date/lib -DHAVE_CONFIG_H -O2 -fvisibility=hidden -Wparentheses -flto -DZEPHIR_RELEASE=1 -c /home/ubuntu/workspace/kodebin-lib/ext/kernel/operators.c  -fPIC -DPIC -o kernel/.libs/operators.o
libtool: compile:  gcc -I. -I/home/ubuntu/workspace/kodebin-lib/ext -DPHP_ATOM_INC -I/home/ubuntu/workspace/kodebin-lib/ext/include -I/home/ubuntu/workspace/kodebin-lib/ext/main -I/home/ubuntu/workspace/kodebin-lib/ext -I/usr/include/php5 -I/usr/include/php5/main -I/usr/include/php5/TSRM -I/usr/include/php5/Zend -I/usr/include/php5/ext -I/usr/include/php5/ext/date/lib -DHAVE_CONFIG_H -O2 -fvisibility=hidden -Wparentheses -flto -DZEPHIR_RELEASE=1 -c /home/ubuntu/workspace/kodebin-lib/ext/kernel/math.c  -fPIC -DPIC -o kernel/.libs/math.o
libtool: compile:  gcc -I. -I/home/ubuntu/workspace/kodebin-lib/ext -DPHP_ATOM_INC -I/home/ubuntu/workspace/kodebin-lib/ext/include -I/home/ubuntu/workspace/kodebin-lib/ext/main -I/home/ubuntu/workspace/kodebin-lib/ext -I/usr/include/php5 -I/usr/include/php5/main -I/usr/include/php5/TSRM -I/usr/include/php5/Zend -I/usr/include/php5/ext -I/usr/include/php5/ext/date/lib -DHAVE_CONFIG_H -O2 -fvisibility=hidden -Wparentheses -flto -DZEPHIR_RELEASE=1 -c /home/ubuntu/workspace/kodebin-lib/ext/kernel/concat.c  -fPIC -DPIC -o kernel/.libs/concat.o
libtool: compile:  gcc -I. -I/home/ubuntu/workspace/kodebin-lib/ext -DPHP_ATOM_INC -I/home/ubuntu/workspace/kodebin-lib/ext/include -I/home/ubuntu/workspace/kodebin-lib/ext/main -I/home/ubuntu/workspace/kodebin-lib/ext -I/usr/include/php5 -I/usr/include/php5/main -I/usr/include/php5/TSRM -I/usr/include/php5/Zend -I/usr/include/php5/ext -I/usr/include/php5/ext/date/lib -DHAVE_CONFIG_H -O2 -fvisibility=hidden -Wparentheses -flto -DZEPHIR_RELEASE=1 -c /home/ubuntu/workspace/kodebin-lib/ext/kernel/variables.c  -fPIC -DPIC -o kernel/.libs/variables.o
libtool: compile:  gcc -I. -I/home/ubuntu/workspace/kodebin-lib/ext -DPHP_ATOM_INC -I/home/ubuntu/workspace/kodebin-lib/ext/include -I/home/ubuntu/workspace/kodebin-lib/ext/main -I/home/ubuntu/workspace/kodebin-lib/ext -I/usr/include/php5 -I/usr/include/php5/main -I/usr/include/php5/TSRM -I/usr/include/php5/Zend -I/usr/include/php5/ext -I/usr/include/php5/ext/date/lib -DHAVE_CONFIG_H -O2 -fvisibility=hidden -Wparentheses -flto -DZEPHIR_RELEASE=1 -c /home/ubuntu/workspace/kodebin-lib/ext/kernel/filter.c  -fPIC -DPIC -o kernel/.libs/filter.o
libtool: compile:  gcc -I. -I/home/ubuntu/workspace/kodebin-lib/ext -DPHP_ATOM_INC -I/home/ubuntu/workspace/kodebin-lib/ext/include -I/home/ubuntu/workspace/kodebin-lib/ext/main -I/home/ubuntu/workspace/kodebin-lib/ext -I/usr/include/php5 -I/usr/include/php5/main -I/usr/include/php5/TSRM -I/usr/include/php5/Zend -I/usr/include/php5/ext -I/usr/include/php5/ext/date/lib -DHAVE_CONFIG_H -O2 -fvisibility=hidden -Wparentheses -flto -DZEPHIR_RELEASE=1 -c /home/ubuntu/workspace/kodebin-lib/ext/kernel/iterator.c  -fPIC -DPIC -o kernel/.libs/iterator.o
libtool: compile:  gcc -I. -I/home/ubuntu/workspace/kodebin-lib/ext -DPHP_ATOM_INC -I/home/ubuntu/workspace/kodebin-lib/ext/include -I/home/ubuntu/workspace/kodebin-lib/ext/main -I/home/ubuntu/workspace/kodebin-lib/ext -I/usr/include/php5 -I/usr/include/php5/main -I/usr/include/php5/TSRM -I/usr/include/php5/Zend -I/usr/include/php5/ext -I/usr/include/php5/ext/date/lib -DHAVE_CONFIG_H -O2 -fvisibility=hidden -Wparentheses -flto -DZEPHIR_RELEASE=1 -c /home/ubuntu/workspace/kodebin-lib/ext/kernel/time.c  -fPIC -DPIC -o kernel/.libs/time.o
libtool: compile:  gcc -I. -I/home/ubuntu/workspace/kodebin-lib/ext -DPHP_ATOM_INC -I/home/ubuntu/workspace/kodebin-lib/ext/include -I/home/ubuntu/workspace/kodebin-lib/ext/main -I/home/ubuntu/workspace/kodebin-lib/ext -I/usr/include/php5 -I/usr/include/php5/main -I/usr/include/php5/TSRM -I/usr/include/php5/Zend -I/usr/include/php5/ext -I/usr/include/php5/ext/date/lib -DHAVE_CONFIG_H -O2 -fvisibility=hidden -Wparentheses -flto -DZEPHIR_RELEASE=1 -c /home/ubuntu/workspace/kodebin-lib/ext/kernel/exit.c  -fPIC -DPIC -o kernel/.libs/exit.o
libtool: compile:  gcc -I. -I/home/ubuntu/workspace/kodebin-lib/ext -DPHP_ATOM_INC -I/home/ubuntu/workspace/kodebin-lib/ext/include -I/home/ubuntu/workspace/kodebin-lib/ext/main -I/home/ubuntu/workspace/kodebin-lib/ext -I/usr/include/php5 -I/usr/include/php5/main -I/usr/include/php5/TSRM -I/usr/include/php5/Zend -I/usr/include/php5/ext -I/usr/include/php5/ext/date/lib -DHAVE_CONFIG_H -O2 -fvisibility=hidden -Wparentheses -flto -DZEPHIR_RELEASE=1 -c /home/ubuntu/workspace/kodebin-lib/ext/kodebin/lib/curl.zep.c  -fPIC -DPIC -o kodebin/lib/.libs/curl.o
libtool: compile:  gcc -I. -I/home/ubuntu/workspace/kodebin-lib/ext -DPHP_ATOM_INC -I/home/ubuntu/workspace/kodebin-lib/ext/include -I/home/ubuntu/workspace/kodebin-lib/ext/main -I/home/ubuntu/workspace/kodebin-lib/ext -I/usr/include/php5 -I/usr/include/php5/main -I/usr/include/php5/TSRM -I/usr/include/php5/Zend -I/usr/include/php5/ext -I/usr/include/php5/ext/date/lib -DHAVE_CONFIG_H -O2 -fvisibility=hidden -Wparentheses -flto -DZEPHIR_RELEASE=1 -c /home/ubuntu/workspace/kodebin-lib/ext/kodebin/lib/dir.zep.c  -fPIC -DPIC -o kodebin/lib/.libs/dir.o
libtool: compile:  gcc -I. -I/home/ubuntu/workspace/kodebin-lib/ext -DPHP_ATOM_INC -I/home/ubuntu/workspace/kodebin-lib/ext/include -I/home/ubuntu/workspace/kodebin-lib/ext/main -I/home/ubuntu/workspace/kodebin-lib/ext -I/usr/include/php5 -I/usr/include/php5/main -I/usr/include/php5/TSRM -I/usr/include/php5/Zend -I/usr/include/php5/ext -I/usr/include/php5/ext/date/lib -DHAVE_CONFIG_H -O2 -fvisibility=hidden -Wparentheses -flto -DZEPHIR_RELEASE=1 -c /home/ubuntu/workspace/kodebin-lib/ext/kodebin/lib/files.zep.c  -fPIC -DPIC -o kodebin/lib/.libs/files.o
libtool: compile:  gcc -I. -I/home/ubuntu/workspace/kodebin-lib/ext -DPHP_ATOM_INC -I/home/ubuntu/workspace/kodebin-lib/ext/include -I/home/ubuntu/workspace/kodebin-lib/ext/main -I/home/ubuntu/workspace/kodebin-lib/ext -I/usr/include/php5 -I/usr/include/php5/main -I/usr/include/php5/TSRM -I/usr/include/php5/Zend -I/usr/include/php5/ext -I/usr/include/php5/ext/date/lib -DHAVE_CONFIG_H -O2 -fvisibility=hidden -Wparentheses -flto -DZEPHIR_RELEASE=1 -c /home/ubuntu/workspace/kodebin-lib/ext/kodebin/lib/folder.zep.c  -fPIC -DPIC -o kodebin/lib/.libs/folder.o
libtool: compile:  gcc -I. -I/home/ubuntu/workspace/kodebin-lib/ext -DPHP_ATOM_INC -I/home/ubuntu/workspace/kodebin-lib/ext/include -I/home/ubuntu/workspace/kodebin-lib/ext/main -I/home/ubuntu/workspace/kodebin-lib/ext -I/usr/include/php5 -I/usr/include/php5/main -I/usr/include/php5/TSRM -I/usr/include/php5/Zend -I/usr/include/php5/ext -I/usr/include/php5/ext/date/lib -DHAVE_CONFIG_H -O2 -fvisibility=hidden -Wparentheses -flto -DZEPHIR_RELEASE=1 -c /home/ubuntu/workspace/kodebin-lib/ext/kodebin/lib/git.zep.c  -fPIC -DPIC -o kodebin/lib/.libs/git.o
libtool: compile:  gcc -I. -I/home/ubuntu/workspace/kodebin-lib/ext -DPHP_ATOM_INC -I/home/ubuntu/workspace/kodebin-lib/ext/include -I/home/ubuntu/workspace/kodebin-lib/ext/main -I/home/ubuntu/workspace/kodebin-lib/ext -I/usr/include/php5 -I/usr/include/php5/main -I/usr/include/php5/TSRM -I/usr/include/php5/Zend -I/usr/include/php5/ext -I/usr/include/php5/ext/date/lib -DHAVE_CONFIG_H -O2 -fvisibility=hidden -Wparentheses -flto -DZEPHIR_RELEASE=1 -c /home/ubuntu/workspace/kodebin-lib/ext/kodebin/lib/github.zep.c  -fPIC -DPIC -o kodebin/lib/.libs/github.o
libtool: compile:  gcc -I. -I/home/ubuntu/workspace/kodebin-lib/ext -DPHP_ATOM_INC -I/home/ubuntu/workspace/kodebin-lib/ext/include -I/home/ubuntu/workspace/kodebin-lib/ext/main -I/home/ubuntu/workspace/kodebin-lib/ext -I/usr/include/php5 -I/usr/include/php5/main -I/usr/include/php5/TSRM -I/usr/include/php5/Zend -I/usr/include/php5/ext -I/usr/include/php5/ext/date/lib -DHAVE_CONFIG_H -O2 -fvisibility=hidden -Wparentheses -flto -DZEPHIR_RELEASE=1 -c /home/ubuntu/workspace/kodebin-lib/ext/kodebin/security/password.zep.c  -fPIC -DPIC -o kodebin/security/.libs/password.o
libtool: compile:  gcc -I. -I/home/ubuntu/workspace/kodebin-lib/ext -DPHP_ATOM_INC -I/home/ubuntu/workspace/kodebin-lib/ext/include -I/home/ubuntu/workspace/kodebin-lib/ext/main -I/home/ubuntu/workspace/kodebin-lib/ext -I/usr/include/php5 -I/usr/include/php5/main -I/usr/include/php5/TSRM -I/usr/include/php5/Zend -I/usr/include/php5/ext -I/usr/include/php5/ext/date/lib -DHAVE_CONFIG_H -O2 -fvisibility=hidden -Wparentheses -flto -DZEPHIR_RELEASE=1 -c /home/ubuntu/workspace/kodebin-lib/ext/kodebin/security/patch.zep.c  -fPIC -DPIC -o kodebin/security/.libs/patch.o
libtool: link: gcc -shared  -fPIC -DPIC  .libs/kodebin.o kernel/.libs/main.o kernel/.libs/memory.o kernel/.libs/exception.o kernel/.libs/hash.o kernel/.libs/debug.o kernel/.libs/backtrace.o kernel/.libs/object.o kernel/.libs/array.o kernel/extended/.libs/array.o kernel/.libs/string.o kernel/.libs/fcall.o kernel/extended/.libs/fcall.o kernel/.libs/require.o kernel/.libs/file.o kernel/.libs/operators.o kernel/.libs/math.o kernel/.libs/concat.o kernel/.libs/variables.o kernel/.libs/filter.o kernel/.libs/iterator.o kernel/.libs/time.o kernel/.libs/exit.o kodebin/lib/.libs/curl.o kodebin/lib/.libs/dir.o kodebin/lib/.libs/files.o kodebin/lib/.libs/folder.o kodebin/lib/.libs/git.o kodebin/lib/.libs/github.o kodebin/security/.libs/password.o kodebin/security/.libs/patch.o    -O2 -flto   -Wl,-soname -Wl,kodebin.so -o .libs/kodebin.so
libtool: link: ( cd ".libs" && rm -f "kodebin.la" && ln -s "../kodebin.la" "kodebin.la" )
libtool: install: cp ./.libs/kodebin.so /home/ubuntu/workspace/kodebin-lib/ext/modules/kodebin.so
libtool: install: cp ./.libs/kodebin.lai /home/ubuntu/workspace/kodebin-lib/ext/modules/kodebin.la
libtool: finish: PATH="/home/ubuntu/.nvm/versions/node/v4.2.1/bin:/usr/local/rvm/gems/ruby-2.2.1/bin:/usr/local/rvm/gems/ruby-2.2.1@global/bin:/usr/local/rvm/rubies/ruby-2.2.1/bin:/mnt/shared/bin:/home/ubuntu/workspace/node_modules/.bin:/home/ubuntu/bin:/usr/local/sbin:/usr/local/bin:/usr/sbin:/usr/bin:/sbin:/bin:/mnt/shared/sbin:/opt/gitl:/opt/go/bin:/mnt/shared/c9/app.nw/bin:/usr/local/rvm/bin:/sbin" ldconfig -n /home/ubuntu/workspace/kodebin-lib/ext/modules
----------------------------------------------------------------------
Libraries have been installed in:
   /home/ubuntu/workspace/kodebin-lib/ext/modules

If you ever happen to want to link against installed libraries
in a given directory, LIBDIR, you must either use libtool, and
specify the full pathname of the library, or use the `-LLIBDIR'
flag during linking and do at least one of the following:
   - add LIBDIR to the `LD_LIBRARY_PATH' environment variable
     during execution
   - add LIBDIR to the `LD_RUN_PATH' environment variable
     during linking
   - use the `-Wl,-rpath -Wl,LIBDIR' linker flag
   - have your system administrator add LIBDIR to `/etc/ld.so.conf'

See any operating system documentation about shared libraries for
more information, such as the ld(1) and ld.so(8) manual pages.
----------------------------------------------------------------------

Build complete.
Don't forget to run 'make test'.

Installing shared extensions:     /usr/lib/php5/20121212/
Installing header files:          /usr/include/php5/
